{"stage": "open_source", "path": "/Users/sosko/code/shoe-cad-skills/examples/cougar-shoes/cad/Cougar_Trail_Editable.FCStd", "sha256": "71073da7fe86dbf0c61ca7061e35d241963860467cf01a307f6de08a37ded7c1"}
{"stage": "preflight", "component": "Heel_quarter_knit"}
{"stage": "preflight", "component": "Continuous_vamp_and_midfoot_mesh"}
{"stage": "preflight", "component": "Lateral_quarter_material_join"}
{"stage": "preflight", "component": "Medial_quarter_material_join"}
{"stage": "preflight", "component": "Lateral_windowed_TPU_quarter_frame"}
{"stage": "preflight", "component": "Lateral_windowed_TPU_quarter_frame_bonding_flange"}
{"stage": "preflight", "component": "Medial_windowed_TPU_quarter_frame"}
{"stage": "preflight", "component": "Medial_windowed_TPU_quarter_frame_bonding_flange"}
{"stage": "preflight", "component": "Lateral_tapered_structural_arch"}
{"stage": "preflight", "component": "Lateral_tapered_structural_arch_bonding_flange"}
{"stage": "preflight", "component": "Lateral_swept_coral_perimeter"}
{"stage": "preflight", "component": "Lateral_swept_coral_perimeter_bonding_flange"}
{"stage": "preflight", "component": "Lateral_rear_structural_inlay"}
{"stage": "preflight", "component": "Lateral_rear_structural_inlay_bonding_flange"}
{"stage": "preflight", "component": "Lateral_sculpted_coral_return"}
{"stage": "preflight", "component": "Lateral_sculpted_coral_return_bonding_flange"}
{"stage": "preflight", "component": "Medial_heel_chevron_border"}
{"stage": "preflight", "component": "Medial_heel_chevron_border_bonding_flange"}
{"stage": "preflight", "component": "Medial_heel_counter_inlay"}
{"stage": "preflight", "component": "carrier_Section_Loft"}
{"stage": "preflight", "component": "Orange_sidewall_traction_shoulders"}
{"stage": "preflight", "component": "Charcoal_sidewall_traction_shoulders"}
{"stage": "preflight", "component": "Continuous_sculpted_EVA_midsole"}
{"stage": "preflight", "component": "Orange_traction_lugs"}
{"stage": "preflight", "component": "Charcoal_traction_lugs"}
{"stage": "preflight", "component": "Lateral_contoured_eyestay_01"}
{"stage": "preflight", "component": "Lateral_contoured_eyestay_02"}
{"stage": "preflight", "component": "Lateral_contoured_eyestay_03"}
{"stage": "preflight", "component": "Lateral_contoured_eyestay_04"}
{"stage": "preflight", "component": "Medial_contoured_eyestay_01"}
{"stage": "preflight", "component": "Medial_contoured_eyestay_02"}
{"stage": "preflight", "component": "Medial_contoured_eyestay_03"}
{"stage": "preflight", "component": "Medial_contoured_eyestay_04"}
{"stage": "preflight", "component": "Lateral_eyelet_01"}
{"stage": "preflight", "component": "Lateral_eyelet_02"}
{"stage": "preflight", "component": "Lateral_eyelet_03"}
{"stage": "preflight", "component": "Lateral_eyelet_04"}
{"stage": "preflight", "component": "Lateral_eyelet_05"}
{"stage": "preflight", "component": "Medial_eyelet_01"}
{"stage": "preflight", "component": "Medial_eyelet_02"}
{"stage": "preflight", "component": "Medial_eyelet_03"}
{"stage": "preflight", "component": "Medial_eyelet_04"}
{"stage": "preflight", "component": "Medial_eyelet_05"}
{"stage": "preflight", "component": "Lateral_lime_heel_reflector"}
{"stage": "preflight", "component": "Medial_lime_heel_reflector"}
{"stage": "preflight", "component": "Toe_guard_bonding_land"}
{"stage": "preflight", "component": "Wrapped_TPU_toe_guard"}
{"stage": "preflight", "component": "Sculpted_rear_heel_counter"}
{"stage": "preflight", "component": "Coral_rear_pull_spine"}
{"stage": "preflight", "component": "Gusseted_padded_tongue"}
{"stage": "preflight", "component": "Left_tongue_piping_Sweep_0"}
{"stage": "preflight", "component": "Right_tongue_piping_Sweep_0"}
{"stage": "preflight", "component": "Coral_tongue_label"}
{"stage": "preflight", "component": "Rounded_throat_to_vamp_facing"}
{"stage": "preflight", "component": "Lateral_continuous_lacing_facing"}
{"stage": "preflight", "component": "Medial_continuous_lacing_facing"}
{"stage": "preflight", "component": "Lace_cross_1_over_Sweep_0"}
{"stage": "preflight", "component": "Lace_cross_1_under_Sweep_0"}
{"stage": "preflight", "component": "Lace_cross_2_over_Sweep_0"}
{"stage": "preflight", "component": "Lace_cross_2_under_Sweep_0"}
{"stage": "preflight", "component": "Lace_cross_3_over_Sweep_0"}
{"stage": "preflight", "component": "Lace_cross_3_under_Sweep_0"}
{"stage": "preflight", "component": "Lace_cross_4_over_Sweep_0"}
{"stage": "preflight", "component": "Lace_cross_4_under_Sweep_0"}
{"stage": "preflight", "component": "Lace_bottom_bridge_Sweep_0"}
{"stage": "preflight", "component": "Lace_top_bridge_Sweep_0"}
{"stage": "preflight", "component": "Padded_collar_binding"}
{"stage": "preflight", "component": "Deep_padded_collar_lining"}
{"stage": "preflight", "component": "Visible_internal_sockliner"}
{"stage": "preflight", "component": "Heel_spine_edge_stitching"}
{"stage": "preflight", "component": "Rear_padded_heel_patch"}
{"stage": "preflight", "component": "Reflective_cougar_transfer"}
{"stage": "preflight", "component": "Refined_Toe_Bumper"}
{"stage": "preflight", "component": "Toe_bumper_grip__1_36_Fitted"}
{"stage": "preflight", "component": "Toe_bumper_grip__1_47_Fitted"}
{"stage": "preflight", "component": "Toe_bumper_grip_1_36_Fitted"}
{"stage": "preflight", "component": "Toe_bumper_grip_1_47_Fitted"}
{"stage": "preflight", "component": "Tongue_Lace_Keeper"}
{"stage": "export_component", "component": "Heel_quarter_knit"}
{"stage": "read_component", "component": "Heel_quarter_knit"}
{"stage": "export_component", "component": "Continuous_vamp_and_midfoot_mesh"}
{"stage": "read_component", "component": "Continuous_vamp_and_midfoot_mesh"}
{"stage": "export_component", "component": "Lateral_quarter_material_join"}
{"stage": "read_component", "component": "Lateral_quarter_material_join"}
{"stage": "export_component", "component": "Medial_quarter_material_join"}
{"stage": "read_component", "component": "Medial_quarter_material_join"}
{"stage": "export_component", "component": "Lateral_windowed_TPU_quarter_frame"}
{"stage": "read_component", "component": "Lateral_windowed_TPU_quarter_frame"}
{"stage": "export_component", "component": "Lateral_windowed_TPU_quarter_frame_bonding_flange"}
{"stage": "read_component", "component": "Lateral_windowed_TPU_quarter_frame_bonding_flange"}
{"stage": "export_component", "component": "Medial_windowed_TPU_quarter_frame"}
{"stage": "read_component", "component": "Medial_windowed_TPU_quarter_frame"}
{"stage": "export_component", "component": "Medial_windowed_TPU_quarter_frame_bonding_flange"}
{"stage": "read_component", "component": "Medial_windowed_TPU_quarter_frame_bonding_flange"}
{"stage": "export_component", "component": "Lateral_tapered_structural_arch"}
{"stage": "read_component", "component": "Lateral_tapered_structural_arch"}
{"stage": "export_component", "component": "Lateral_tapered_structural_arch_bonding_flange"}
{"stage": "read_component", "component": "Lateral_tapered_structural_arch_bonding_flange"}
{"stage": "export_component", "component": "Lateral_swept_coral_perimeter"}
{"stage": "read_component", "component": "Lateral_swept_coral_perimeter"}
{"stage": "export_component", "component": "Lateral_swept_coral_perimeter_bonding_flange"}
{"stage": "read_component", "component": "Lateral_swept_coral_perimeter_bonding_flange"}
{"stage": "export_component", "component": "Lateral_rear_structural_inlay"}
{"stage": "read_component", "component": "Lateral_rear_structural_inlay"}
{"stage": "export_component", "component": "Lateral_rear_structural_inlay_bonding_flange"}
{"stage": "read_component", "component": "Lateral_rear_structural_inlay_bonding_flange"}
{"stage": "export_component", "component": "Lateral_sculpted_coral_return"}
{"stage": "read_component", "component": "Lateral_sculpted_coral_return"}
{"stage": "export_component", "component": "Lateral_sculpted_coral_return_bonding_flange"}
{"stage": "read_component", "component": "Lateral_sculpted_coral_return_bonding_flange"}
{"stage": "export_component", "component": "Medial_heel_chevron_border"}
{"stage": "read_component", "component": "Medial_heel_chevron_border"}
{"stage": "export_component", "component": "Medial_heel_chevron_border_bonding_flange"}
{"stage": "read_component", "component": "Medial_heel_chevron_border_bonding_flange"}
{"stage": "export_component", "component": "Medial_heel_counter_inlay"}
{"stage": "read_component", "component": "Medial_heel_counter_inlay"}
{"stage": "export_component", "component": "carrier_Section_Loft"}
{"stage": "read_component", "component": "carrier_Section_Loft"}
{"stage": "export_component", "component": "Orange_sidewall_traction_shoulders"}
{"stage": "read_component", "component": "Orange_sidewall_traction_shoulders"}
{"stage": "export_component", "component": "Charcoal_sidewall_traction_shoulders"}
{"stage": "read_component", "component": "Charcoal_sidewall_traction_shoulders"}
{"stage": "export_component", "component": "Continuous_sculpted_EVA_midsole"}
{"stage": "read_component", "component": "Continuous_sculpted_EVA_midsole"}
{"stage": "export_component", "component": "Orange_traction_lugs"}
{"stage": "read_component", "component": "Orange_traction_lugs"}
{"stage": "export_component", "component": "Charcoal_traction_lugs"}
{"stage": "read_component", "component": "Charcoal_traction_lugs"}
{"stage": "export_component", "component": "Lateral_contoured_eyestay_01"}
{"stage": "read_component", "component": "Lateral_contoured_eyestay_01"}
{"stage": "export_component", "component": "Lateral_contoured_eyestay_02"}
{"stage": "read_component", "component": "Lateral_contoured_eyestay_02"}
{"stage": "export_component", "component": "Lateral_contoured_eyestay_03"}
{"stage": "read_component", "component": "Lateral_contoured_eyestay_03"}
{"stage": "export_component", "component": "Lateral_contoured_eyestay_04"}
{"stage": "read_component", "component": "Lateral_contoured_eyestay_04"}
{"stage": "export_component", "component": "Medial_contoured_eyestay_01"}
{"stage": "read_component", "component": "Medial_contoured_eyestay_01"}
{"stage": "export_component", "component": "Medial_contoured_eyestay_02"}
{"stage": "read_component", "component": "Medial_contoured_eyestay_02"}
{"stage": "export_component", "component": "Medial_contoured_eyestay_03"}
{"stage": "read_component", "component": "Medial_contoured_eyestay_03"}
{"stage": "export_component", "component": "Medial_contoured_eyestay_04"}
{"stage": "read_component", "component": "Medial_contoured_eyestay_04"}
{"stage": "export_component", "component": "Lateral_eyelet_01"}
{"stage": "read_component", "component": "Lateral_eyelet_01"}
{"stage": "export_component", "component": "Lateral_eyelet_02"}
{"stage": "read_component", "component": "Lateral_eyelet_02"}
{"stage": "export_component", "component": "Lateral_eyelet_03"}
{"stage": "read_component", "component": "Lateral_eyelet_03"}
{"stage": "export_component", "component": "Lateral_eyelet_04"}
{"stage": "read_component", "component": "Lateral_eyelet_04"}
{"stage": "export_component", "component": "Lateral_eyelet_05"}
{"stage": "read_component", "component": "Lateral_eyelet_05"}
{"stage": "export_component", "component": "Medial_eyelet_01"}
{"stage": "read_component", "component": "Medial_eyelet_01"}
{"stage": "export_component", "component": "Medial_eyelet_02"}
{"stage": "read_component", "component": "Medial_eyelet_02"}
{"stage": "export_component", "component": "Medial_eyelet_03"}
{"stage": "read_component", "component": "Medial_eyelet_03"}
{"stage": "export_component", "component": "Medial_eyelet_04"}
{"stage": "read_component", "component": "Medial_eyelet_04"}
{"stage": "export_component", "component": "Medial_eyelet_05"}
{"stage": "read_component", "component": "Medial_eyelet_05"}
{"stage": "export_component", "component": "Lateral_lime_heel_reflector"}
{"stage": "read_component", "component": "Lateral_lime_heel_reflector"}
{"stage": "export_component", "component": "Medial_lime_heel_reflector"}
{"stage": "read_component", "component": "Medial_lime_heel_reflector"}
{"stage": "export_component", "component": "Toe_guard_bonding_land"}
{"stage": "read_component", "component": "Toe_guard_bonding_land"}
{"stage": "export_component", "component": "Wrapped_TPU_toe_guard"}
{"stage": "read_component", "component": "Wrapped_TPU_toe_guard"}
{"stage": "export_component", "component": "Sculpted_rear_heel_counter"}
{"stage": "read_component", "component": "Sculpted_rear_heel_counter"}
{"stage": "export_component", "component": "Coral_rear_pull_spine"}
{"stage": "read_component", "component": "Coral_rear_pull_spine"}
{"stage": "export_component", "component": "Gusseted_padded_tongue"}
{"stage": "read_component", "component": "Gusseted_padded_tongue"}
{"stage": "export_component", "component": "Left_tongue_piping_Sweep_0"}
{"stage": "read_component", "component": "Left_tongue_piping_Sweep_0"}
{"stage": "export_component", "component": "Right_tongue_piping_Sweep_0"}
{"stage": "read_component", "component": "Right_tongue_piping_Sweep_0"}
{"stage": "export_component", "component": "Coral_tongue_label"}
{"stage": "read_component", "component": "Coral_tongue_label"}
{"stage": "export_component", "component": "Rounded_throat_to_vamp_facing"}
{"stage": "read_component", "component": "Rounded_throat_to_vamp_facing"}
{"stage": "export_component", "component": "Lateral_continuous_lacing_facing"}
{"stage": "read_component", "component": "Lateral_continuous_lacing_facing"}
{"stage": "export_component", "component": "Medial_continuous_lacing_facing"}
{"stage": "read_component", "component": "Medial_continuous_lacing_facing"}
{"stage": "export_component", "component": "Lace_cross_1_over_Sweep_0"}
{"stage": "read_component", "component": "Lace_cross_1_over_Sweep_0"}
{"stage": "export_component", "component": "Lace_cross_1_under_Sweep_0"}
{"stage": "read_component", "component": "Lace_cross_1_under_Sweep_0"}
{"stage": "export_component", "component": "Lace_cross_2_over_Sweep_0"}
{"stage": "read_component", "component": "Lace_cross_2_over_Sweep_0"}
{"stage": "export_component", "component": "Lace_cross_2_under_Sweep_0"}
{"stage": "read_component", "component": "Lace_cross_2_under_Sweep_0"}
{"stage": "export_component", "component": "Lace_cross_3_over_Sweep_0"}
{"stage": "read_component", "component": "Lace_cross_3_over_Sweep_0"}
{"stage": "export_component", "component": "Lace_cross_3_under_Sweep_0"}
{"stage": "read_component", "component": "Lace_cross_3_under_Sweep_0"}
{"stage": "export_component", "component": "Lace_cross_4_over_Sweep_0"}
{"stage": "read_component", "component": "Lace_cross_4_over_Sweep_0"}
{"stage": "export_component", "component": "Lace_cross_4_under_Sweep_0"}
{"stage": "read_component", "component": "Lace_cross_4_under_Sweep_0"}
{"stage": "export_component", "component": "Lace_bottom_bridge_Sweep_0"}
{"stage": "read_component", "component": "Lace_bottom_bridge_Sweep_0"}
{"stage": "export_component", "component": "Lace_top_bridge_Sweep_0"}
{"stage": "read_component", "component": "Lace_top_bridge_Sweep_0"}
{"stage": "export_component", "component": "Padded_collar_binding"}
{"stage": "read_component", "component": "Padded_collar_binding"}
{"stage": "export_component", "component": "Deep_padded_collar_lining"}
{"stage": "read_component", "component": "Deep_padded_collar_lining"}
{"stage": "export_component", "component": "Visible_internal_sockliner"}
{"stage": "read_component", "component": "Visible_internal_sockliner"}
{"stage": "export_component", "component": "Heel_spine_edge_stitching"}
{"stage": "read_component", "component": "Heel_spine_edge_stitching"}
{"stage": "export_component", "component": "Rear_padded_heel_patch"}
{"stage": "read_component", "component": "Rear_padded_heel_patch"}
{"stage": "export_component", "component": "Reflective_cougar_transfer"}
{"stage": "read_component", "component": "Reflective_cougar_transfer"}
{"stage": "export_component", "component": "Refined_Toe_Bumper"}
{"stage": "read_component", "component": "Refined_Toe_Bumper"}
{"stage": "export_component", "component": "Toe_bumper_grip__1_36_Fitted"}
{"stage": "read_component", "component": "Toe_bumper_grip__1_36_Fitted"}
{"stage": "export_component", "component": "Toe_bumper_grip__1_47_Fitted"}
{"stage": "read_component", "component": "Toe_bumper_grip__1_47_Fitted"}
{"stage": "export_component", "component": "Toe_bumper_grip_1_36_Fitted"}
{"stage": "read_component", "component": "Toe_bumper_grip_1_36_Fitted"}
{"stage": "export_component", "component": "Toe_bumper_grip_1_47_Fitted"}
{"stage": "read_component", "component": "Toe_bumper_grip_1_47_Fitted"}
{"stage": "export_component", "component": "Tongue_Lace_Keeper"}
{"stage": "read_component", "component": "Tongue_Lace_Keeper"}
{"stage": "export_assembly", "components": 78, "solids": 229}
{"stage": "read_aggregate"}
{"stage": "read_named_components"}
{"stage": "validate_component", "component": "Heel_quarter_knit"}
{"stage": "validate_component", "component": "Continuous_vamp_and_midfoot_mesh"}
{"stage": "validate_component", "component": "Lateral_quarter_material_join"}
{"stage": "validate_component", "component": "Medial_quarter_material_join"}
{"stage": "validate_component", "component": "Lateral_windowed_TPU_quarter_frame"}
{"stage": "validate_component", "component": "Lateral_windowed_TPU_quarter_frame_bonding_flange"}
{"stage": "validate_component", "component": "Medial_windowed_TPU_quarter_frame"}
{"stage": "validate_component", "component": "Medial_windowed_TPU_quarter_frame_bonding_flange"}
{"stage": "validate_component", "component": "Lateral_tapered_structural_arch"}
{"stage": "validate_component", "component": "Lateral_tapered_structural_arch_bonding_flange"}
{"stage": "validate_component", "component": "Lateral_swept_coral_perimeter"}
{"stage": "validate_component", "component": "Lateral_swept_coral_perimeter_bonding_flange"}
{"stage": "validate_component", "component": "Lateral_rear_structural_inlay"}
{"stage": "validate_component", "component": "Lateral_rear_structural_inlay_bonding_flange"}
{"stage": "validate_component", "component": "Lateral_sculpted_coral_return"}
{"stage": "validate_component", "component": "Lateral_sculpted_coral_return_bonding_flange"}
{"stage": "validate_component", "component": "Medial_heel_chevron_border"}
{"stage": "validate_component", "component": "Medial_heel_chevron_border_bonding_flange"}
{"stage": "validate_component", "component": "Medial_heel_counter_inlay"}
{"stage": "validate_component", "component": "carrier_Section_Loft"}
{"stage": "validate_component", "component": "Orange_sidewall_traction_shoulders"}
{"stage": "validate_component", "component": "Charcoal_sidewall_traction_shoulders"}
{"stage": "validate_component", "component": "Continuous_sculpted_EVA_midsole"}
{"stage": "validate_component", "component": "Orange_traction_lugs"}
{"stage": "validate_component", "component": "Charcoal_traction_lugs"}
{"stage": "validate_component", "component": "Lateral_contoured_eyestay_01"}
{"stage": "validate_component", "component": "Lateral_contoured_eyestay_02"}
{"stage": "validate_component", "component": "Lateral_contoured_eyestay_03"}
{"stage": "validate_component", "component": "Lateral_contoured_eyestay_04"}
{"stage": "validate_component", "component": "Medial_contoured_eyestay_01"}
{"stage": "validate_component", "component": "Medial_contoured_eyestay_02"}
{"stage": "validate_component", "component": "Medial_contoured_eyestay_03"}
{"stage": "validate_component", "component": "Medial_contoured_eyestay_04"}
{"stage": "validate_component", "component": "Lateral_eyelet_01"}
{"stage": "validate_component", "component": "Lateral_eyelet_02"}
{"stage": "validate_component", "component": "Lateral_eyelet_03"}
{"stage": "validate_component", "component": "Lateral_eyelet_04"}
{"stage": "validate_component", "component": "Lateral_eyelet_05"}
{"stage": "validate_component", "component": "Medial_eyelet_01"}
{"stage": "validate_component", "component": "Medial_eyelet_02"}
{"stage": "validate_component", "component": "Medial_eyelet_03"}
{"stage": "validate_component", "component": "Medial_eyelet_04"}
{"stage": "validate_component", "component": "Medial_eyelet_05"}
{"stage": "validate_component", "component": "Lateral_lime_heel_reflector"}
{"stage": "validate_component", "component": "Medial_lime_heel_reflector"}
{"stage": "validate_component", "component": "Toe_guard_bonding_land"}
{"stage": "validate_component", "component": "Wrapped_TPU_toe_guard"}
{"stage": "validate_component", "component": "Sculpted_rear_heel_counter"}
{"stage": "validate_component", "component": "Coral_rear_pull_spine"}
{"stage": "validate_component", "component": "Gusseted_padded_tongue"}
{"stage": "validate_component", "component": "Left_tongue_piping_Sweep_0"}
{"stage": "validate_component", "component": "Right_tongue_piping_Sweep_0"}
{"stage": "validate_component", "component": "Coral_tongue_label"}
{"stage": "validate_component", "component": "Rounded_throat_to_vamp_facing"}
{"stage": "validate_component", "component": "Lateral_continuous_lacing_facing"}
{"stage": "validate_component", "component": "Medial_continuous_lacing_facing"}
{"stage": "validate_component", "component": "Lace_cross_1_over_Sweep_0"}
{"stage": "validate_component", "component": "Lace_cross_1_under_Sweep_0"}
{"stage": "validate_component", "component": "Lace_cross_2_over_Sweep_0"}
{"stage": "validate_component", "component": "Lace_cross_2_under_Sweep_0"}
{"stage": "validate_component", "component": "Lace_cross_3_over_Sweep_0"}
{"stage": "validate_component", "component": "Lace_cross_3_under_Sweep_0"}
{"stage": "validate_component", "component": "Lace_cross_4_over_Sweep_0"}
{"stage": "validate_component", "component": "Lace_cross_4_under_Sweep_0"}
{"stage": "validate_component", "component": "Lace_bottom_bridge_Sweep_0"}
{"stage": "validate_component", "component": "Lace_top_bridge_Sweep_0"}
{"stage": "validate_component", "component": "Padded_collar_binding"}
{"stage": "validate_component", "component": "Deep_padded_collar_lining"}
{"stage": "validate_component", "component": "Visible_internal_sockliner"}
{"stage": "validate_component", "component": "Heel_spine_edge_stitching"}
{"stage": "validate_component", "component": "Rear_padded_heel_patch"}
{"stage": "validate_component", "component": "Reflective_cougar_transfer"}
{"stage": "validate_component", "component": "Refined_Toe_Bumper"}
{"stage": "validate_component", "component": "Toe_bumper_grip__1_36_Fitted"}
{"stage": "validate_component", "component": "Toe_bumper_grip__1_47_Fitted"}
{"stage": "validate_component", "component": "Toe_bumper_grip_1_36_Fitted"}
{"stage": "validate_component", "component": "Toe_bumper_grip_1_47_Fitted"}
{"stage": "validate_component", "component": "Tongue_Lace_Keeper"}
{"stage": "validated", "solids": 229}
