CGAL error: assertion violation!
Expression : ss_circle.has_on(sp)
File       : /Users/runner/work/openscad/openscad/../libraries/install/include/CGAL/Nef_3/polygon_mesh_to_nef_3.h
Line       : 264
Explanation: 
Refer to the bug-reporting instructions at https://www.cgal.org/bug_report.html
PolySet has nonplanar faces. Attempting alternate construction
CGAL error: assertion violation!
Expression : ss_circle.has_on(sp)
File       : /Users/runner/work/openscad/openscad/../libraries/install/include/CGAL/Nef_3/polygon_mesh_to_nef_3.h
Line       : 264
Explanation: 
Refer to the bug-reporting instructions at https://www.cgal.org/bug_report.html
PolySet has nonplanar faces. Attempting alternate construction
CGAL error: assertion violation!
Expression : ss_circle.has_on(sp)
File       : /Users/runner/work/openscad/openscad/../libraries/install/include/CGAL/Nef_3/polygon_mesh_to_nef_3.h
Line       : 264
Explanation: 
Refer to the bug-reporting instructions at https://www.cgal.org/bug_report.html
PolySet has nonplanar faces. Attempting alternate construction
CGAL error: assertion violation!
Expression : ss_circle.has_on(sp)
File       : /Users/runner/work/openscad/openscad/../libraries/install/include/CGAL/Nef_3/polygon_mesh_to_nef_3.h
Line       : 264
Explanation: 
Refer to the bug-reporting instructions at https://www.cgal.org/bug_report.html
PolySet has nonplanar faces. Attempting alternate construction
CGAL error: assertion violation!
Expression : ss_circle.has_on(sp)
File       : /Users/runner/work/openscad/openscad/../libraries/install/include/CGAL/Nef_3/polygon_mesh_to_nef_3.h
Line       : 264
Explanation: 
Refer to the bug-reporting instructions at https://www.cgal.org/bug_report.html
PolySet has nonplanar faces. Attempting alternate construction
CGAL error: assertion violation!
Expression : ss_circle.has_on(sp)
File       : /Users/runner/work/openscad/openscad/../libraries/install/include/CGAL/Nef_3/polygon_mesh_to_nef_3.h
Line       : 264
Explanation: 
Refer to the bug-reporting instructions at https://www.cgal.org/bug_report.html
PolySet has nonplanar faces. Attempting alternate construction
CGAL error: assertion violation!
Expression : ss_circle.has_on(sp)
File       : /Users/runner/work/openscad/openscad/../libraries/install/include/CGAL/Nef_3/polygon_mesh_to_nef_3.h
Line       : 264
Explanation: 
Refer to the bug-reporting instructions at https://www.cgal.org/bug_report.html
PolySet has nonplanar faces. Attempting alternate construction
CGAL error: assertion violation!
Expression : ss_circle.has_on(sp)
File       : /Users/runner/work/openscad/openscad/../libraries/install/include/CGAL/Nef_3/polygon_mesh_to_nef_3.h
Line       : 264
Explanation: 
Refer to the bug-reporting instructions at https://www.cgal.org/bug_report.html
PolySet has nonplanar faces. Attempting alternate construction
CGAL error: assertion violation!
Expression : ss_circle.has_on(sp)
File       : /Users/runner/work/openscad/openscad/../libraries/install/include/CGAL/Nef_3/polygon_mesh_to_nef_3.h
Line       : 264
Explanation: 
Refer to the bug-reporting instructions at https://www.cgal.org/bug_report.html
PolySet has nonplanar faces. Attempting alternate construction
CGAL error: assertion violation!
Expression : ss_circle.has_on(sp)
File       : /Users/runner/work/openscad/openscad/../libraries/install/include/CGAL/Nef_3/polygon_mesh_to_nef_3.h
Line       : 264
Explanation: 
Refer to the bug-reporting instructions at https://www.cgal.org/bug_report.html
PolySet has nonplanar faces. Attempting alternate construction
Geometries in cache: 10
Geometry cache size in bytes: 4440560
CGAL Polyhedrons in cache: 1
CGAL cache size in bytes: 76070680
Total rendering time: 0:02:05.900
   Top level object is a 3D object:
   Simple:        yes
   Vertices:    31145
   Halfedges:  177286
   Edges:       88643
   Halffacets: 114998
   Facets:      57499
   Volumes:         2
